\BOOKMARK [0][-]{chapter*.1}{\376\377\000I\000n\000t\000r\000o\000d\000u\000c\000t\000i\000o\000n}{}% 1
\BOOKMARK [0][-]{chapter.1}{\376\377\000T\000h\000e\000\040\000A\000n\000d\000e\000r\000s\000o\000n\000\040\000M\000o\000d\000e\000l}{}% 2
\BOOKMARK [1][-]{section.1.1}{\376\377\000T\000h\000e\000\040\000H\000a\000m\000i\000l\000t\000o\000n\000i\000a\000n}{chapter.1}% 3
\BOOKMARK [1][-]{section.1.2}{\376\377\000T\000h\000e\000\040\000s\000p\000e\000c\000t\000r\000u\000m}{chapter.1}% 4
\BOOKMARK [1][-]{section.1.3}{\376\377\000M\000a\000i\000n\000\040\000r\000e\000s\000u\000l\000t\000s\000\040\000a\000n\000d\000\040\000O\000p\000e\000n\000\040\000P\000r\000o\000b\000l\000e\000m\000s}{chapter.1}% 5
\BOOKMARK [0][-]{chapter.2}{\376\377\000L\000o\000c\000a\000l\000i\000s\000a\000t\000i\000o\000n\000\040\000p\000r\000o\000p\000e\000r\000t\000i\000e\000s}{}% 6
\BOOKMARK [1][-]{section.2.1}{\376\377\000S\000p\000e\000c\000t\000r\000a\000l\000\040\000L\000o\000c\000a\000l\000i\000s\000a\000t\000i\000o\000n}{chapter.2}% 7
\BOOKMARK [2][-]{subsection.2.1.1}{\376\377\000A\000b\000s\000e\000n\000c\000e\000\040\000o\000f\000\040\000t\000r\000a\000n\000s\000p\000o\000r\000t}{section.2.1}% 8
\BOOKMARK [1][-]{section.2.2}{\376\377\000D\000y\000n\000a\000m\000i\000c\000a\000l\000\040\000L\000o\000c\000a\000l\000i\000s\000a\000t\000i\000o\000n}{chapter.2}% 9
\BOOKMARK [1][-]{section.2.3}{\376\377\000F\000r\000o\000m\000\040\000d\000y\000n\000a\000m\000i\000c\000a\000l\000\040\000t\000o\000\040\000s\000p\000e\000c\000t\000r\000a\000l\000\040\000l\000o\000c\000a\000l\000i\000s\000a\000t\000i\000o\000n}{chapter.2}% 10
\BOOKMARK [0][-]{chapter.3}{\376\377\000F\000r\000a\000c\000t\000i\000o\000n\000a\000l\000\040\000m\000o\000m\000e\000n\000t\000s}{}% 11
\BOOKMARK [1][-]{section.3.1}{\376\377\000T\000h\000e\000\040\000G\000r\000e\000e\000n\000'\000s\000\040\000f\000u\000n\000c\000t\000i\000o\000n}{chapter.3}% 12
\BOOKMARK [1][-]{section.3.2}{\376\377\000L\000o\000c\000a\000l\000i\000s\000a\000t\000i\000o\000n\000\040\000a\000t\000\040\000l\000a\000r\000g\000e\000\040\000d\000i\000s\000o\000r\000d\000e\000r}{chapter.3}% 13
\BOOKMARK [2][-]{subsection.3.2.1}{\376\377\000F\000r\000o\000m\000\040\000f\000r\000a\000c\000t\000i\000o\000n\000a\000l\000\040\000m\000o\000m\000e\000n\000t\000'\000s\000\040\000e\000x\000p\000o\000n\000e\000n\000t\000i\000a\000l\000\040\000b\000o\000u\000n\000d\000\040\000t\000o\000\040\000d\000y\000n\000a\000m\000i\000c\000a\000l\000\040\000l\000o\000c\000a\000l\000i\000s\000a\000t\000i\000o\000n}{section.3.2}% 14
\BOOKMARK [0][-]{chapter.4}{\376\377\000S\000A\000W\000\040\000r\000e\000p\000r\000e\000s\000e\000n\000t\000a\000t\000i\000o\000n}{}% 15
\BOOKMARK [1][-]{section.4.1}{\376\377\000S\000A\000W\000\040\000D\000e\000f\000i\000n\000i\000t\000i\000o\000n\000s}{chapter.4}% 16
\BOOKMARK [1][-]{section.4.2}{\376\377\000S\000A\000W\000\040\000r\000e\000p\000r\000e\000s\000e\000n\000t\000a\000t\000i\000o\000n\000\040\000o\000f\000\040\000G\000\040}{chapter.4}% 17
\BOOKMARK [1][-]{section.4.3}{\376\377\000P\000r\000o\000o\000f\000\040\000w\000i\000t\000h\000\040\000S\000A\000W}{chapter.4}% 18
\BOOKMARK [0][-]{chapter.5}{\376\377\000C\000o\000n\000n\000e\000c\000t\000i\000o\000n\000\040\000t\000o\000\040\000L\000o\000n\000g\000-\000R\000a\000n\000g\000e\000\040\000S\000A\000W}{}% 19
\BOOKMARK [1][-]{section.5.1}{\376\377\000T\000h\000e\000\040\000f\000r\000a\000c\000t\000i\000o\000n\000a\000l\000\040\000L\000a\000p\000l\000a\000c\000i\000a\000n}{chapter.5}% 20
\BOOKMARK [1][-]{section.5.2}{\376\377\000T\000h\000e\000\040\000S\000A\000W\000\040\000R\000e\000p\000r\000e\000s\000e\000n\000t\000a\000t\000i\000o\000n\000\040\000f\000o\000r\000\040\000L\000o\000n\000g\000-\000R\000a\000n\000g\000e\000\040\000R\000e\000s\000o\000l\000v\000e\000n\000t\000s}{chapter.5}% 21
\BOOKMARK [1][-]{section.5.3}{\376\377\000T\000h\000e\000\040\000L\000o\000c\000a\000l\000i\000s\000a\000t\000i\000o\000n\000\040\000C\000r\000i\000t\000e\000r\000i\000a}{chapter.5}% 22
\BOOKMARK [0][-]{Item.12}{\376\377\000B\000i\000b\000l\000i\000o\000g\000r\000a\000p\000h\000y}{}% 23
